Sketch uses 1560599 bytes (49%) of program storage space. Maximum is 3145728 bytes.
Global variables use 88248 bytes (26%) of dynamic memory, leaving 239432 bytes for local variables. Maximum is 327680 bytes.
