esptool v5.3.0
Serial port COM12:
Connecting...
Connected to ESP32-S3 on COM12:
Chip type:          ESP32-S3 (QFN56) (revision v0.2)
Features:           Wi-Fi, BT 5 (LE), Dual Core + LP Core, 240MHz, Embedded Flash 8MB (GD)
Crystal frequency:  40MHz
USB mode:           USB-Serial/JTAG
MAC:                3c:0f:02:ea:21:d4

Uploading stub flasher...
Running stub flasher...
Stub flasher running.
Changing baud rate to 921600...
Changed.

Configuring flash size...

Writing 'C:\Users\zmatt\Documents\Development\FlockDetection_Cardputer_ADV\FlockDetection_Cardputer_ADV\tmpplumebuild/FlockDetection_Cardputer_ADV.ino.bootloader.bin' at 0x00000000...
No changed sectors found, verifying if data is in flash...
'C:\Users\zmatt\Documents\Development\FlockDetection_Cardputer_ADV\FlockDetection_Cardputer_ADV\tmpplumebuild/FlockDetection_Cardputer_ADV.ino.bootloader.bin' at 0x00000000 verified.

Writing 'C:\Users\zmatt\Documents\Development\FlockDetection_Cardputer_ADV\FlockDetection_Cardputer_ADV\tmpplumebuild/FlockDetection_Cardputer_ADV.ino.partitions.bin' at 0x00008000...
No changed sectors found, verifying if data is in flash...
'C:\Users\zmatt\Documents\Development\FlockDetection_Cardputer_ADV\FlockDetection_Cardputer_ADV\tmpplumebuild/FlockDetection_Cardputer_ADV.ino.partitions.bin' at 0x00008000 verified.

Writing 'C:\Users\zmatt\AppData\Local\Arduino15\packages\esp32\hardware\esp32\3.3.10/tools/partitions/boot_app0.bin' at 0x0000e000...
Flash will be erased from 0x0000e000 to 0x0000ffff...
Compressed 8192 bytes to 47...
Writing at 0x0000e000 [                              ]   0.0% 0/47 bytes... Writing at 0x00010000 [==============================] 100.0% 47/47 bytes... 
Wrote 8192 bytes (47 compressed) at 0x0000e000 in 0.1 seconds (805.0 kbit/s).
Verifying written data...
Hash of data verified.

Writing 'C:\Users\zmatt\Documents\Development\FlockDetection_Cardputer_ADV\FlockDetection_Cardputer_ADV\tmpplumebuild/FlockDetection_Cardputer_ADV.ino.bin' at 0x00010000...
Changed data sectors found, fast reflashing...
Reflashing 1 changed sector at 0x00010000...
Flash will be erased from 0x00010000 to 0x00010fff...
Compressed 4096 bytes to 2054...
Writing at 0x00010000 [                              ]   0.0% 0/2054 bytes... Writing at 0x00011000 [==============================] 100.0% 2054/2054 bytes... 
Wrote 4096 bytes (2054 compressed) at 0x00010000 in 0.0 seconds (2743.7 kbit/s).
Reflashing 1 changed sector at 0x00071000...
Flash will be erased from 0x00071000 to 0x00071fff...
Compressed 4096 bytes to 3119...
Writing at 0x00071000 [                              ]   0.0% 0/3119 bytes... Writing at 0x00072000 [==============================] 100.0% 3119/3119 bytes... 
Wrote 4096 bytes (3119 compressed) at 0x00071000 in 0.0 seconds (1780.6 kbit/s).
Reflashing 1 changed sector at 0x0018d000...
Flash will be erased from 0x0018d000 to 0x0018dfff...
Compressed 4096 bytes to 154...
Writing at 0x0018d000 [                              ]   0.0% 0/154 bytes... Writing at 0x0018e000 [==============================] 100.0% 154/154 bytes... 
Wrote 4096 bytes (154 compressed) at 0x0018d000 in 0.0 seconds (1005.9 kbit/s).
Verifying written data...
Hash of data verified.

Hard resetting via RTS pin...
New upload port: COM12 (serial)
